--prepare table for character testing
CREATE TABLE values_table (
    text_column text
);
CREATE TABLE jsonb_table (
    jsonb_column jsonb
);
INSERT INTO values_table
VALUES ('US'), ('US'), ('FRA'), ('CH'), ('CH'), ('TR'), ('TR'), ('TR');
INSERT INTO jsonb_table
SELECT topn_add_agg(text_column)
FROM values_table;
INSERT INTO values_table
VALUES (E'"""""'), (E'\\\\\\'), (E''''), (E'''""\t'),
      (E'''""\t+++---  <>?//#$%^&*()_+!@/t');
INSERT INTO jsonb_table
SELECT topn_add_agg(text_column)
FROM values_table;
SELECT (topn(topn_union_agg(jsonb_column), 9)).*
FROM jsonb_table;
                item                 | frequency 
-------------------------------------+-----------
 TR                                  |         6
 CH                                  |         4
 US                                  |         4
 FRA                                 |         2
 '                                   |         1
 '""     +++---  <>?//#$%^&*()_+!@/t |         1
 \\\                                 |         1
 '""                                 |         1
 """""                               |         1
(9 rows)

do
$$
declare
  i record;
begin
  for i in 1..10 loop
    Insert into values_table values('ёъяшер');
  end loop;
end;
$$
;
do
$$
declare
  i record;
begin
  for i in 1..20 loop
    Insert into values_table values('тыуио');
  end loop;
end;
$$
;
do
$$
declare
  i record;
begin
  for i in 1..12 loop
    Insert into values_table values('пющ');
  end loop;
end;
$$
;
do
$$
declare
  i record;
begin
  for i in 1..30 loop
    Insert into values_table values('эасдфгч');
  end loop;
end;
$$
;
do
$$
declare
  i record;
begin
  for i in 1..35 loop
    Insert into values_table values('кйльжзхцвбнм');
  end loop;
end;
$$
;
INSERT INTO jsonb_table
SELECT topn_add_agg(text_column)
FROM values_table;
SELECT (topn(topn_union_agg(jsonb_column), 9)).*
FROM jsonb_table;
           item           | frequency 
--------------------------+-----------
 кйльжзхцвбнм |        35
 эасдфгч           |        30
 тыуио               |        20
 пющ                   |        12
 ёъяшер             |        10
 TR                       |         9
 CH                       |         6
 US                       |         6
 FRA                      |         3
(9 rows)

do
$$
declare
  i record;
begin
  for i in 1..10 loop
    Insert into values_table values('安吧爸八百北不朋七起千去人认日三');
  end loop;
end;
$$
;
do
$$
declare
  i record;
begin
  for i in 1..20 loop
    Insert into values_table values('大岛的弟地东都对多上谁什生师识十是四');
  end loop;
end;
$$
;
do
$$
declare
  i record;
begin
  for i in 1..12 loop
    Insert into values_table values('儿二方港哥个关贵国过海好很会湾w万王我五西');
  end loop;
end;
$$
;
do
$$
declare
  i record;
begin
  for i in 1..30 loop
    Insert into values_table values('家见叫姐京九可老李零六也一亿英友月再');
  end loop;
end;
$$
;
do
$$
declare
  i record;
begin
  for i in 1..35 loop
    Insert into values_table values('吗妈么没美妹们明名哪那南你您小');
  end loop;
end;
$$
;
do
$$
declare
  i record;
begin
  for i in 1..35 loop
    Insert into values_table values('谢姓休学张这中字息系先香他她台天');
  end loop;
end;
$$
;
INSERT INTO jsonb_table
SELECT topn_add_agg(text_column)
FROM values_table;
SELECT (topn(topn_union_agg(jsonb_column), 50)).*
FROM jsonb_table;
                             item                              | frequency 
---------------------------------------------------------------+-----------
 кйльжзхцвбнм                                      |        70
 эасдфгч                                                |        60
 тыуио                                                    |        40
 谢姓休学张这中字息系先香他她台天              |        35
 吗妈么没美妹们明名哪那南你您小                 |        35
 家见叫姐京九可老李零六也一亿英友月再        |        30
 пющ                                                        |        24
 ёъяшер                                                  |        20
 大岛的弟地东都对多上谁什生师识十是四        |        20
 儿二方港哥个关贵国过海好很会湾w万王我五西 |        12
 TR                                                            |        12
 安吧爸八百北不朋七起千去人认日三              |        10
 US                                                            |         8
 CH                                                            |         8
 FRA                                                           |         4
 """""                                                         |         3
 '                                                             |         3
 '""                                                           |         3
 '""     +++---  <>?//#$%^&*()_+!@/t                           |         3
 \\\                                                           |         3
(20 rows)

INSERT INTO values_table 
VALUES (E'\b\f\t\\''\"'),(E'""\\\""\bb\tt\ff');
INSERT INTO jsonb_table 
SELECT topn_add_agg(text_column) 
FROM values_table;
SELECT (topn(topn_union_agg(jsonb_column),50)).* 
FROM jsonb_table;
                             item                              | frequency 
---------------------------------------------------------------+-----------
 кйльжзхцвбнм                                      |       105
 эасдфгч                                                |        90
 谢姓休学张这中字息系先香他她台天              |        70
 吗妈么没美妹们明名哪那南你您小                 |        70
 тыуио                                                    |        60
 家见叫姐京九可老李零六也一亿英友月再        |        60
 大岛的弟地东都对多上谁什生师识十是四        |        40
 пющ                                                        |        36
 ёъяшер                                                  |        30
 儿二方港哥个关贵国过海好很会湾w万王我五西 |        24
 安吧爸八百北不朋七起千去人认日三              |        20
 TR                                                            |        15
 US                                                            |        10
 CH                                                            |        10
 FRA                                                           |         5
 '                                                             |         4
 \\\                                                           |         4
 '""                                                           |         4
 """""                                                         |         4
 '""     +++---  <>?//#$%^&*()_+!@/t                           |         4
 ""\""\x08b      t\x0Cf                                        |         1
 \x08\x0C        \'"                                           |         1
(22 rows)

INSERT INTO values_table 
SELECT (topn(topn_union_agg(jsonb_column),10)).item 
FROM jsonb_table;
INSERT INTO jsonb_table 
SELECT topn_add_agg(text_column) 
FROM values_table;
SELECT (topn(topn_union_agg(jsonb_column),100)).* 
FROM jsonb_table;
                             item                              | frequency 
---------------------------------------------------------------+-----------
 кйльжзхцвбнм                                      |       141
 эасдфгч                                                |       121
 谢姓休学张这中字息系先香他她台天              |       106
 吗妈么没美妹们明名哪那南你您小                 |       106
 家见叫姐京九可老李零六也一亿英友月再        |        91
 тыуио                                                    |        81
 大岛的弟地东都对多上谁什生师识十是四        |        61
 пющ                                                        |        49
 ёъяшер                                                  |        41
 儿二方港哥个关贵国过海好很会湾w万王我五西 |        37
 安吧爸八百北不朋七起千去人认日三              |        30
 TR                                                            |        18
 US                                                            |        12
 CH                                                            |        12
 FRA                                                           |         6
 '                                                             |         5
 \\\                                                           |         5
 '""                                                           |         5
 """""                                                         |         5
 '""     +++---  <>?//#$%^&*()_+!@/t                           |         5
 ""\""\x08b      t\x0Cf                                        |         2
 \x08\x0C        \'"                                           |         2
(22 rows)

